com\gymapp\ui\common\ImportResultController.class
com\gymapp\membership\db\domain\VisitPolicy.class
com\gymapp\ui\main\MainController.class
com\gymapp\AppLauncher.class
com\gymapp\membership\db\SqliteMembershipTypeRepository.class
com\gymapp\visit\db\SqliteVisitRepository.class
com\gymapp\ui\common\ConfirmDialogController.class
com\gymapp\ui\client\mebmership\ClientMembershipFormSaver.class
com\gymapp\visit\service\VisitService.class
com\gymapp\client\service\ClientService.class
com\gymapp\ui\client\details\ClientDetailsController.class
com\gymapp\ui\common\ViewLoader$LoadedView.class
com\gymapp\ui\client\mebmership\ClientMembershipCurrentViewBinder$1.class
com\gymapp\membership\service\MembershipService.class
com\gymapp\ui\common\RestoreBackupController.class
com\gymapp\ui\client\empty\EmptyClientFormController.class
com\gymapp\context\AppContext.class
com\gymapp\ui\membership\MembershipTypeFormController$2.class
com\gymapp\dashboard\dto\ClientVisitStat.class
com\gymapp\ui\client\main\ClientsController$1.class
com\gymapp\ui\client\mebmership\ClientMembershipCurrentViewBinder.class
com\gymapp\client\service\ClientCsvService$ImportRow.class
com\gymapp\ui\client\form\ClientFormController.class
com\gymapp\membership\db\SqliteMembershipRepository.class
com\gymapp\membership\db\MembershipTypeRepository.class
com\gymapp\db\FlywayMigrator.class
com\gymapp\ui\client\details\ClientDetailsViewBinder.class
com\gymapp\ui\client\main\ClientsController.class
com\gymapp\client\service\ClientCsvService.class
com\gymapp\db\BaseRepository$StatementSetter.class
com\gymapp\ui\client\main\ClientsController$ClientStatusTableCell.class
com\gymapp\ui\dashboard\DashboardController.class
com\gymapp\ui\membership\MembershipTypesController.class
com\gymapp\ui\client\mebmership\ClientMembershipFormController.class
com\gymapp\ui\membership\MembershipTypeFormController.class
com\gymapp\membership\db\domain\Membership.class
com\gymapp\visit\db\VisitRepository.class
com\gymapp\dashboard\dto\DashboardStats.class
com\gymapp\db\SqliteConnectionFactory.class
com\gymapp\dashboard\db\DashboardAnalyticsRepository.class
com\gymapp\dashboard\service\DashboardAnalyticsService.class
com\gymapp\membership\db\domain\MembershipStatus.class
com\gymapp\dashboard\service\DashboardService.class
com\gymapp\ui\client\mebmership\ClientMembershipManualFieldsBinder.class
com\gymapp\membership\db\domain\MembershipType.class
com\gymapp\db\ConnectionFactory.class
com\gymapp\ui\client\mebmership\ClientMembershipPreviewBinder.class
com\gymapp\ui\common\ViewLoader.class
com\gymapp\backup\BackupService.class
com\gymapp\util\DatePickerUtils.class
com\gymapp\client\db\Client.class
com\gymapp\GymApplication.class
com\gymapp\ui\common\InfoDialogController.class
com\gymapp\membership\service\MembershipTypeService.class
com\gymapp\db\BaseRepository.class
com\gymapp\ui\client\details\ClientMembershipViewBinder$1.class
com\gymapp\ui\client\mebmership\ClientMembershipFormValidator.class
com\gymapp\ui\common\RestoreBackupController$1.class
com\gymapp\util\DatePickerUtils$1.class
com\gymapp\client\dto\ImportResult.class
com\gymapp\membership\db\MembershipRepository.class
com\gymapp\ui\client\mebmership\ClientMembershipPreviewBinder$1.class
com\gymapp\dashboard\dto\VisitDayStat.class
com\gymapp\StressDataSeeder.class
com\gymapp\util\GymAppUtils.class
com\gymapp\db\BaseRepository$ResultSetMapper.class
com\gymapp\ui\client\mebmership\ClientMembershipFormController$MembershipTypeListCell.class
com\gymapp\visit\db\Visit.class
com\gymapp\ui\membership\MembershipTypeFormController$1.class
com\gymapp\client\db\SqliteClientRepository.class
com\gymapp\ui\client\details\ClientMembershipViewBinder.class
com\gymapp\client\db\ClientRepository.class
