com\gymapp\ui\common\ImportResultController.class
com\gymapp\app\config\AppConfig.class
com\gymapp\ui\client\ClientDetailsController.class
com\gymapp\ui\main\MainController.class
com\gymapp\AppLauncher.class
com\gymapp\ui\common\ConfirmDialogController.class
com\gymapp\infrastructure\repository\rowmapper\ClientRowMapper.class
com\gymapp\app\membership\MembershipService$1.class
com\gymapp\domain\membership\MembershipType.class
com\gymapp\infrastructure\repository\rowmapper\MembershipRowMapper.class
com\gymapp\domain\repository\SaleRepository.class
com\gymapp\app\membership\MembershipTypeService.class
com\gymapp\ui\client\ClientMembershipFormController$1.class
com\gymapp\infrastructure\db\RowMapper.class
com\gymapp\infrastructure\repository\rowmapper\VisitRowMapper.class
com\gymapp\domain\client\Client.class
com\gymapp\ui\common\RestoreBackupController.class
com\gymapp\domain\repository\VisitRepository.class
com\gymapp\domain\membership\MembershipStatus.class
com\gymapp\domain\visit\Visit.class
com\gymapp\domain\repository\ClientRepository.class
com\gymapp\ui\membership\MembershipTypeFormController$2.class
com\gymapp\app\client\ClientCsvService.class
com\gymapp\ui\client\ClientFormController.class
com\gymapp\infrastructure\repository\rowmapper\MembershipTypeRowMapper.class
com\gymapp\ui\client\ClientMembershipFormController.class
com\gymapp\domain\common\Money.class
com\gymapp\app\client\ClientService.class
com\gymapp\app\visit\VisitService.class
com\gymapp\infrastructure\db\ConnectionFactory.class
com\gymapp\app\client\ImportResult.class
com\gymapp\app\config\DatabaseConfig.class
com\gymapp\domain\repository\ProductRepository.class
com\gymapp\infrastructure\db\FlywayMigrator.class
com\gymapp\domain\repository\MembershipTypeRepository.class
com\gymapp\infrastructure\logging\LogConfig.class
com\gymapp\infrastructure\repository\sqlite\SqliteClientRepository.class
com\gymapp\app\membership\MembershipService.class
com\gymapp\domain\product\Product.class
com\gymapp\ui\dashboard\DashboardController.class
com\gymapp\infrastructure\repository\sqlite\SqliteVisitRepository.class
com\gymapp\ui\membership\MembershipTypesController.class
com\gymapp\infrastructure\db\SqliteConnectionFactory.class
com\gymapp\ui\membership\MembershipTypeFormController.class
com\gymapp\infrastructure\repository\rowmapper\SaleItemRowMapper.class
com\gymapp\domain\membership\VisitPolicy.class
com\gymapp\infrastructure\util\GymAppUtils.class
com\gymapp\ui\client\ClientDetailsController$1.class
com\gymapp\ui\client\ClientMembershipFormController$3.class
com\gymapp\domain\membership\Membership.class
com\gymapp\app\backup\BackupService.class
com\gymapp\domain\repository\MembershipRepository.class
com\gymapp\domain\sale\Sale.class
com\gymapp\infrastructure\repository\sqlite\SqliteMembershipRepository.class
com\gymapp\infrastructure\repository\sqlite\SqliteSaleRepository.class
com\gymapp\domain\common\BusinessException.class
com\gymapp\GymApplication.class
com\gymapp\ui\common\InfoDialogController.class
com\gymapp\ui\client\ClientsController.class
com\gymapp\infrastructure\repository\rowmapper\SaleRowMapper.class
com\gymapp\ui\common\RestoreBackupController$1.class
com\gymapp\infrastructure\repository\sqlite\SqliteMembershipTypeRepository.class
com\gymapp\infrastructure\repository\rowmapper\ProductRowMapper.class
com\gymapp\ui\client\ClientMembershipFormController$2.class
com\gymapp\app\dashboard\DashboardStats.class
com\gymapp\infrastructure\db\DatabaseInitializer.class
com\gymapp\domain\sale\SaleItem.class
com\gymapp\app\dashboard\DashboardService.class
com\gymapp\ui\membership\MembershipTypeFormController$1.class
com\gymapp\infrastructure\settings\AppSettingsRepository.class
com\gymapp\app\client\ClientCsvService$ImportRow.class
com\gymapp\infrastructure\repository\sqlite\SqliteProductRepository.class
