C:\D_disk\gym-app\src\main\java\com\gymapp\app\backup\BackupService.java
C:\D_disk\gym-app\src\main\java\com\gymapp\app\client\ClientCsvService.java
C:\D_disk\gym-app\src\main\java\com\gymapp\app\client\ClientService.java
C:\D_disk\gym-app\src\main\java\com\gymapp\app\client\ImportResult.java
C:\D_disk\gym-app\src\main\java\com\gymapp\app\config\AppConfig.java
C:\D_disk\gym-app\src\main\java\com\gymapp\app\config\DatabaseConfig.java
C:\D_disk\gym-app\src\main\java\com\gymapp\app\dashboard\DashboardService.java
C:\D_disk\gym-app\src\main\java\com\gymapp\app\dashboard\DashboardStats.java
C:\D_disk\gym-app\src\main\java\com\gymapp\app\membership\MembershipService.java
C:\D_disk\gym-app\src\main\java\com\gymapp\app\membership\MembershipTypeService.java
C:\D_disk\gym-app\src\main\java\com\gymapp\app\visit\VisitService.java
C:\D_disk\gym-app\src\main\java\com\gymapp\AppLauncher.java
C:\D_disk\gym-app\src\main\java\com\gymapp\domain\client\Client.java
C:\D_disk\gym-app\src\main\java\com\gymapp\domain\common\BusinessException.java
C:\D_disk\gym-app\src\main\java\com\gymapp\domain\common\Money.java
C:\D_disk\gym-app\src\main\java\com\gymapp\domain\membership\Membership.java
C:\D_disk\gym-app\src\main\java\com\gymapp\domain\membership\MembershipStatus.java
C:\D_disk\gym-app\src\main\java\com\gymapp\domain\membership\MembershipType.java
C:\D_disk\gym-app\src\main\java\com\gymapp\domain\membership\VisitPolicy.java
C:\D_disk\gym-app\src\main\java\com\gymapp\domain\product\Product.java
C:\D_disk\gym-app\src\main\java\com\gymapp\domain\repository\ClientRepository.java
C:\D_disk\gym-app\src\main\java\com\gymapp\domain\repository\MembershipRepository.java
C:\D_disk\gym-app\src\main\java\com\gymapp\domain\repository\MembershipTypeRepository.java
C:\D_disk\gym-app\src\main\java\com\gymapp\domain\repository\ProductRepository.java
C:\D_disk\gym-app\src\main\java\com\gymapp\domain\repository\SaleRepository.java
C:\D_disk\gym-app\src\main\java\com\gymapp\domain\repository\VisitRepository.java
C:\D_disk\gym-app\src\main\java\com\gymapp\domain\sale\Sale.java
C:\D_disk\gym-app\src\main\java\com\gymapp\domain\sale\SaleItem.java
C:\D_disk\gym-app\src\main\java\com\gymapp\domain\visit\Visit.java
C:\D_disk\gym-app\src\main\java\com\gymapp\GymApplication.java
C:\D_disk\gym-app\src\main\java\com\gymapp\infrastructure\db\ConnectionFactory.java
C:\D_disk\gym-app\src\main\java\com\gymapp\infrastructure\db\DatabaseInitializer.java
C:\D_disk\gym-app\src\main\java\com\gymapp\infrastructure\db\FlywayMigrator.java
C:\D_disk\gym-app\src\main\java\com\gymapp\infrastructure\db\RowMapper.java
C:\D_disk\gym-app\src\main\java\com\gymapp\infrastructure\db\SqliteConnectionFactory.java
C:\D_disk\gym-app\src\main\java\com\gymapp\infrastructure\logging\LogConfig.java
C:\D_disk\gym-app\src\main\java\com\gymapp\infrastructure\repository\rowmapper\ClientRowMapper.java
C:\D_disk\gym-app\src\main\java\com\gymapp\infrastructure\repository\rowmapper\MembershipRowMapper.java
C:\D_disk\gym-app\src\main\java\com\gymapp\infrastructure\repository\rowmapper\MembershipTypeRowMapper.java
C:\D_disk\gym-app\src\main\java\com\gymapp\infrastructure\repository\rowmapper\ProductRowMapper.java
C:\D_disk\gym-app\src\main\java\com\gymapp\infrastructure\repository\rowmapper\SaleItemRowMapper.java
C:\D_disk\gym-app\src\main\java\com\gymapp\infrastructure\repository\rowmapper\SaleRowMapper.java
C:\D_disk\gym-app\src\main\java\com\gymapp\infrastructure\repository\rowmapper\VisitRowMapper.java
C:\D_disk\gym-app\src\main\java\com\gymapp\infrastructure\repository\sqlite\SqliteClientRepository.java
C:\D_disk\gym-app\src\main\java\com\gymapp\infrastructure\repository\sqlite\SqliteMembershipRepository.java
C:\D_disk\gym-app\src\main\java\com\gymapp\infrastructure\repository\sqlite\SqliteMembershipTypeRepository.java
C:\D_disk\gym-app\src\main\java\com\gymapp\infrastructure\repository\sqlite\SqliteProductRepository.java
C:\D_disk\gym-app\src\main\java\com\gymapp\infrastructure\repository\sqlite\SqliteSaleRepository.java
C:\D_disk\gym-app\src\main\java\com\gymapp\infrastructure\repository\sqlite\SqliteVisitRepository.java
C:\D_disk\gym-app\src\main\java\com\gymapp\infrastructure\settings\AppSettingsRepository.java
C:\D_disk\gym-app\src\main\java\com\gymapp\infrastructure\util\GymAppUtils.java
C:\D_disk\gym-app\src\main\java\com\gymapp\ui\client\ClientDetailsController.java
C:\D_disk\gym-app\src\main\java\com\gymapp\ui\client\ClientFormController.java
C:\D_disk\gym-app\src\main\java\com\gymapp\ui\client\ClientMembershipFormController.java
C:\D_disk\gym-app\src\main\java\com\gymapp\ui\client\ClientsController.java
C:\D_disk\gym-app\src\main\java\com\gymapp\ui\common\ConfirmDialogController.java
C:\D_disk\gym-app\src\main\java\com\gymapp\ui\common\ImportResultController.java
C:\D_disk\gym-app\src\main\java\com\gymapp\ui\common\InfoDialogController.java
C:\D_disk\gym-app\src\main\java\com\gymapp\ui\common\RestoreBackupController.java
C:\D_disk\gym-app\src\main\java\com\gymapp\ui\dashboard\DashboardController.java
C:\D_disk\gym-app\src\main\java\com\gymapp\ui\main\MainController.java
C:\D_disk\gym-app\src\main\java\com\gymapp\ui\membership\MembershipTypeFormController.java
C:\D_disk\gym-app\src\main\java\com\gymapp\ui\membership\MembershipTypesController.java
