C:\Users\kolya\IdeaProjects\gym-app\src\main\java\com\gymapp\AppLauncher.java
C:\Users\kolya\IdeaProjects\gym-app\src\main\java\com\gymapp\backup\BackupService.java
C:\Users\kolya\IdeaProjects\gym-app\src\main\java\com\gymapp\backup\BackupSettingsService.java
C:\Users\kolya\IdeaProjects\gym-app\src\main\java\com\gymapp\client\db\Client.java
C:\Users\kolya\IdeaProjects\gym-app\src\main\java\com\gymapp\client\db\ClientRepository.java
C:\Users\kolya\IdeaProjects\gym-app\src\main\java\com\gymapp\client\db\SqliteClientRepository.java
C:\Users\kolya\IdeaProjects\gym-app\src\main\java\com\gymapp\client\dto\ClientTableRow.java
C:\Users\kolya\IdeaProjects\gym-app\src\main\java\com\gymapp\client\dto\ImportResult.java
C:\Users\kolya\IdeaProjects\gym-app\src\main\java\com\gymapp\client\service\ClientCsvService.java
C:\Users\kolya\IdeaProjects\gym-app\src\main\java\com\gymapp\client\service\ClientService.java
C:\Users\kolya\IdeaProjects\gym-app\src\main\java\com\gymapp\context\AppContext.java
C:\Users\kolya\IdeaProjects\gym-app\src\main\java\com\gymapp\dashboard\db\DashboardAnalyticsRepository.java
C:\Users\kolya\IdeaProjects\gym-app\src\main\java\com\gymapp\dashboard\dto\ClientVisitStat.java
C:\Users\kolya\IdeaProjects\gym-app\src\main\java\com\gymapp\dashboard\dto\DashboardStats.java
C:\Users\kolya\IdeaProjects\gym-app\src\main\java\com\gymapp\dashboard\dto\VisitDayStat.java
C:\Users\kolya\IdeaProjects\gym-app\src\main\java\com\gymapp\dashboard\service\DashboardAnalyticsService.java
C:\Users\kolya\IdeaProjects\gym-app\src\main\java\com\gymapp\dashboard\service\DashboardService.java
C:\Users\kolya\IdeaProjects\gym-app\src\main\java\com\gymapp\db\BaseRepository.java
C:\Users\kolya\IdeaProjects\gym-app\src\main\java\com\gymapp\db\ConnectionFactory.java
C:\Users\kolya\IdeaProjects\gym-app\src\main\java\com\gymapp\db\FlywayMigrator.java
C:\Users\kolya\IdeaProjects\gym-app\src\main\java\com\gymapp\db\SqlConsumer.java
C:\Users\kolya\IdeaProjects\gym-app\src\main\java\com\gymapp\db\SqliteConnectionFactory.java
C:\Users\kolya\IdeaProjects\gym-app\src\main\java\com\gymapp\GymApplication.java
C:\Users\kolya\IdeaProjects\gym-app\src\main\java\com\gymapp\membership\db\domain\Membership.java
C:\Users\kolya\IdeaProjects\gym-app\src\main\java\com\gymapp\membership\db\domain\MembershipStatus.java
C:\Users\kolya\IdeaProjects\gym-app\src\main\java\com\gymapp\membership\db\domain\MembershipType.java
C:\Users\kolya\IdeaProjects\gym-app\src\main\java\com\gymapp\membership\db\domain\VisitPolicy.java
C:\Users\kolya\IdeaProjects\gym-app\src\main\java\com\gymapp\membership\db\MembershipRepository.java
C:\Users\kolya\IdeaProjects\gym-app\src\main\java\com\gymapp\membership\db\MembershipTypeRepository.java
C:\Users\kolya\IdeaProjects\gym-app\src\main\java\com\gymapp\membership\db\SqliteMembershipRepository.java
C:\Users\kolya\IdeaProjects\gym-app\src\main\java\com\gymapp\membership\db\SqliteMembershipTypeRepository.java
C:\Users\kolya\IdeaProjects\gym-app\src\main\java\com\gymapp\membership\service\MembershipService.java
C:\Users\kolya\IdeaProjects\gym-app\src\main\java\com\gymapp\membership\service\MembershipTypeService.java
C:\Users\kolya\IdeaProjects\gym-app\src\main\java\com\gymapp\StressDataSeeder.java
C:\Users\kolya\IdeaProjects\gym-app\src\main\java\com\gymapp\ui\client\details\ClientDetailsController.java
C:\Users\kolya\IdeaProjects\gym-app\src\main\java\com\gymapp\ui\client\details\ClientDetailsViewBinder.java
C:\Users\kolya\IdeaProjects\gym-app\src\main\java\com\gymapp\ui\client\details\ClientMembershipViewBinder.java
C:\Users\kolya\IdeaProjects\gym-app\src\main\java\com\gymapp\ui\client\empty\EmptyClientFormController.java
C:\Users\kolya\IdeaProjects\gym-app\src\main\java\com\gymapp\ui\client\form\ClientFormController.java
C:\Users\kolya\IdeaProjects\gym-app\src\main\java\com\gymapp\ui\client\history\ClientVisitHistoryController.java
C:\Users\kolya\IdeaProjects\gym-app\src\main\java\com\gymapp\ui\client\main\ClientsController.java
C:\Users\kolya\IdeaProjects\gym-app\src\main\java\com\gymapp\ui\client\mebmership\ClientMembershipCurrentViewBinder.java
C:\Users\kolya\IdeaProjects\gym-app\src\main\java\com\gymapp\ui\client\mebmership\ClientMembershipFormController.java
C:\Users\kolya\IdeaProjects\gym-app\src\main\java\com\gymapp\ui\client\mebmership\ClientMembershipFormSaver.java
C:\Users\kolya\IdeaProjects\gym-app\src\main\java\com\gymapp\ui\client\mebmership\ClientMembershipFormValidator.java
C:\Users\kolya\IdeaProjects\gym-app\src\main\java\com\gymapp\ui\client\mebmership\ClientMembershipManualFieldsBinder.java
C:\Users\kolya\IdeaProjects\gym-app\src\main\java\com\gymapp\ui\client\mebmership\ClientMembershipPreviewBinder.java
C:\Users\kolya\IdeaProjects\gym-app\src\main\java\com\gymapp\ui\common\ConfirmDialogController.java
C:\Users\kolya\IdeaProjects\gym-app\src\main\java\com\gymapp\ui\common\DialogService.java
C:\Users\kolya\IdeaProjects\gym-app\src\main\java\com\gymapp\ui\common\ImportResultController.java
C:\Users\kolya\IdeaProjects\gym-app\src\main\java\com\gymapp\ui\common\InfoDialogController.java
C:\Users\kolya\IdeaProjects\gym-app\src\main\java\com\gymapp\ui\common\RestoreBackupController.java
C:\Users\kolya\IdeaProjects\gym-app\src\main\java\com\gymapp\ui\common\ViewLoader.java
C:\Users\kolya\IdeaProjects\gym-app\src\main\java\com\gymapp\ui\dashboard\DashboardController.java
C:\Users\kolya\IdeaProjects\gym-app\src\main\java\com\gymapp\ui\database\DatabaseController.java
C:\Users\kolya\IdeaProjects\gym-app\src\main\java\com\gymapp\ui\main\MainController.java
C:\Users\kolya\IdeaProjects\gym-app\src\main\java\com\gymapp\ui\membership\MembershipTypeFormController.java
C:\Users\kolya\IdeaProjects\gym-app\src\main\java\com\gymapp\ui\membership\MembershipTypesController.java
C:\Users\kolya\IdeaProjects\gym-app\src\main\java\com\gymapp\util\DatePickerUtils.java
C:\Users\kolya\IdeaProjects\gym-app\src\main\java\com\gymapp\util\GymAppUtils.java
C:\Users\kolya\IdeaProjects\gym-app\src\main\java\com\gymapp\visit\db\SqliteVisitRepository.java
C:\Users\kolya\IdeaProjects\gym-app\src\main\java\com\gymapp\visit\db\Visit.java
C:\Users\kolya\IdeaProjects\gym-app\src\main\java\com\gymapp\visit\db\VisitRepository.java
C:\Users\kolya\IdeaProjects\gym-app\src\main\java\com\gymapp\visit\dto\ClientVisitHistoryRow.java
C:\Users\kolya\IdeaProjects\gym-app\src\main\java\com\gymapp\visit\service\VisitService.java
